../Core/Src/main.c:68:6:buffer_clear	24	static
../Core/Src/main.c:73:6:adxl345_write	32	static
../Core/Src/main.c:79:6:adxl345_read	32	static
../Core/Src/main.c:82:6:adxl345_read_address	32	static
../Core/Src/main.c:86:6:adxl345_init	8	static
../Core/Src/main.c:92:6:adxl345_Data_Collect	8	static
../Core/Src/main.c:103:6:data_push_to_serialport	40	static
../Core/Src/main.c:115:5:main	16	static
../Core/Src/main.c:174:6:SystemClock_Config	72	static
../Core/Src/main.c:217:6:Error_Handler	4	static,ignoring_inline_asm
