Archive member included to satisfy reference by file (symbol)

c:/st/stm32cubeide_1.9.0/stm32cubeide/plugins/com.st.stm32cube.ide.mcu.externaltools.gnu-tools-for-stm32.10.3-2021.10.win32_1.0.0.202111181127/tools/bin/../lib/gcc/arm-none-eabi/10.3.1/../../../../arm-none-eabi/lib/thumb/v7-m/nofp\libc_nano.a(lib_a-errno.o)
                              ./Core/Src/syscalls.o (__errno)
c:/st/stm32cubeide_1.9.0/stm32cubeide/plugins/com.st.stm32cube.ide.mcu.externaltools.gnu-tools-for-stm32.10.3-2021.10.win32_1.0.0.202111181127/tools/bin/../lib/gcc/arm-none-eabi/10.3.1/../../../../arm-none-eabi/lib/thumb/v7-m/nofp\libc_nano.a(lib_a-exit.o)
                              c:/st/stm32cubeide_1.9.0/stm32cubeide/plugins/com.st.stm32cube.ide.mcu.externaltools.gnu-tools-for-stm32.10.3-2021.10.win32_1.0.0.202111181127/tools/bin/../lib/gcc/arm-none-eabi/10.3.1/../../../../arm-none-eabi/lib/thumb/v7-m/nofp/crt0.o (exit)
c:/st/stm32cubeide_1.9.0/stm32cubeide/plugins/com.st.stm32cube.ide.mcu.externaltools.gnu-tools-for-stm32.10.3-2021.10.win32_1.0.0.202111181127/tools/bin/../lib/gcc/arm-none-eabi/10.3.1/../../../../arm-none-eabi/lib/thumb/v7-m/nofp\libc_nano.a(lib_a-impure.o)
                              c:/st/stm32cubeide_1.9.0/stm32cubeide/plugins/com.st.stm32cube.ide.mcu.externaltools.gnu-tools-for-stm32.10.3-2021.10.win32_1.0.0.202111181127/tools/bin/../lib/gcc/arm-none-eabi/10.3.1/../../../../arm-none-eabi/lib/thumb/v7-m/nofp\libc_nano.a(lib_a-exit.o) (_global_impure_ptr)
c:/st/stm32cubeide_1.9.0/stm32cubeide/plugins/com.st.stm32cube.ide.mcu.externaltools.gnu-tools-for-stm32.10.3-2021.10.win32_1.0.0.202111181127/tools/bin/../lib/gcc/arm-none-eabi/10.3.1/../../../../arm-none-eabi/lib/thumb/v7-m/nofp\libc_nano.a(lib_a-init.o)
                              c:/st/stm32cubeide_1.9.0/stm32cubeide/plugins/com.st.stm32cube.ide.mcu.externaltools.gnu-tools-for-stm32.10.3-2021.10.win32_1.0.0.202111181127/tools/bin/../lib/gcc/arm-none-eabi/10.3.1/../../../../arm-none-eabi/lib/thumb/v7-m/nofp/crt0.o (__libc_init_array)
c:/st/stm32cubeide_1.9.0/stm32cubeide/plugins/com.st.stm32cube.ide.mcu.externaltools.gnu-tools-for-stm32.10.3-2021.10.win32_1.0.0.202111181127/tools/bin/../lib/gcc/arm-none-eabi/10.3.1/../../../../arm-none-eabi/lib/thumb/v7-m/nofp\libc_nano.a(lib_a-memset.o)
                              c:/st/stm32cubeide_1.9.0/stm32cubeide/plugins/com.st.stm32cube.ide.mcu.externaltools.gnu-tools-for-stm32.10.3-2021.10.win32_1.0.0.202111181127/tools/bin/../lib/gcc/arm-none-eabi/10.3.1/../../../../arm-none-eabi/lib/thumb/v7-m/nofp/crt0.o (memset)
c:/st/stm32cubeide_1.9.0/stm32cubeide/plugins/com.st.stm32cube.ide.mcu.externaltools.gnu-tools-for-stm32.10.3-2021.10.win32_1.0.0.202111181127/tools/bin/../lib/gcc/arm-none-eabi/10.3.1/thumb/v7-m/nofp\libgcc.a(_arm_muldf3.o)
                              ./Core/Src/main.o (__aeabi_dmul)
c:/st/stm32cubeide_1.9.0/stm32cubeide/plugins/com.st.stm32cube.ide.mcu.externaltools.gnu-tools-for-stm32.10.3-2021.10.win32_1.0.0.202111181127/tools/bin/../lib/gcc/arm-none-eabi/10.3.1/thumb/v7-m/nofp\libgcc.a(_arm_addsubdf3.o)
                              ./Core/Src/main.o (__aeabi_ui2d)
c:/st/stm32cubeide_1.9.0/stm32cubeide/plugins/com.st.stm32cube.ide.mcu.externaltools.gnu-tools-for-stm32.10.3-2021.10.win32_1.0.0.202111181127/tools/bin/../lib/gcc/arm-none-eabi/10.3.1/thumb/v7-m/nofp\libgcc.a(_arm_fixunsdfsi.o)
                              ./Core/Src/main.o (__aeabi_d2uiz)

Discarded input sections

 .text          0x0000000000000000        0x0 c:/st/stm32cubeide_1.9.0/stm32cubeide/plugins/com.st.stm32cube.ide.mcu.externaltools.gnu-tools-for-stm32.10.3-2021.10.win32_1.0.0.202111181127/tools/bin/../lib/gcc/arm-none-eabi/10.3.1/thumb/v7-m/nofp/crti.o
 .data          0x0000000000000000        0x0 c:/st/stm32cubeide_1.9.0/stm32cubeide/plugins/com.st.stm32cube.ide.mcu.externaltools.gnu-tools-for-stm32.10.3-2021.10.win32_1.0.0.202111181127/tools/bin/../lib/gcc/arm-none-eabi/10.3.1/thumb/v7-m/nofp/crti.o
 .bss           0x0000000000000000        0x0 c:/st/stm32cubeide_1.9.0/stm32cubeide/plugins/com.st.stm32cube.ide.mcu.externaltools.gnu-tools-for-stm32.10.3-2021.10.win32_1.0.0.202111181127/tools/bin/../lib/gcc/arm-none-eabi/10.3.1/thumb/v7-m/nofp/crti.o
 .data          0x0000000000000000        0x4 c:/st/stm32cubeide_1.9.0/stm32cubeide/plugins/com.st.stm32cube.ide.mcu.externaltools.gnu-tools-for-stm32.10.3-2021.10.win32_1.0.0.202111181127/tools/bin/../lib/gcc/arm-none-eabi/10.3.1/thumb/v7-m/nofp/crtbegin.o
 .rodata        0x0000000000000000       0x24 c:/st/stm32cubeide_1.9.0/stm32cubeide/plugins/com.st.stm32cube.ide.mcu.externaltools.gnu-tools-for-stm32.10.3-2021.10.win32_1.0.0.202111181127/tools/bin/../lib/gcc/arm-none-eabi/10.3.1/thumb/v7-m/nofp/crtbegin.o
[...]
Memory Configuration

Name             Origin             Length             Attributes
RAM              0x0000000020000000 0x0000000000005000 xrw
FLASH            0x0000000008000000 0x0000000000010000 xr
*default*        0x0000000000000000 0xffffffffffffffff

Linker script and memory map

LOAD c:/st/stm32cubeide_1.9.0/stm32cubeide/plugins/com.st.stm32cube.ide.mcu.externaltools.gnu-tools-for-stm32.10.3-2021.10.win32_1.0.0.202111181127/tools/bin/../lib/gcc/arm-none-eabi/10.3.1/thumb/v7-m/nofp/crti.o
LOAD c:/st/stm32cubeide_1.9.0/stm32cubeide/plugins/com.st.stm32cube.ide.mcu.externaltools.gnu-tools-for-stm32.10.3-2021.10.win32_1.0.0.202111181127/tools/bin/../lib/gcc/arm-none-eabi/10.3.1/thumb/v7-m/nofp/crtbegin.o
LOAD c:/st/stm32cubeide_1.9.0/stm32cubeide/plugins/com.st.stm32cube.ide.mcu.externaltools.gnu-tools-for-stm32.10.3-2021.10.win32_1.0.0.202111181127/tools/bin/../lib/gcc/arm-none-eabi/10.3.1/../../../../arm-none-eabi/lib/thumb/v7-m/nofp/crt0.o
LOAD ./Core/Src/fatfs_sd.o
LOAD ./Core/Src/main.o
LOAD ./Core/Src/stm32f1xx_hal_msp.o
LOAD ./Core/Src/stm32f1xx_it.o
LOAD ./Core/Src/syscalls.o
LOAD ./Core/Src/sysmem.o
LOAD ./Core/Src/system_stm32f1xx.o
LOAD ./Core/Startup/startup_stm32f103c8tx.o
LOAD ./Drivers/STM32F1xx_HAL_Driver/Src/stm32f1xx_hal.o
LOAD ./Drivers/STM32F1xx_HAL_Driver/Src/stm32f1xx_hal_cortex.o
LOAD ./Drivers/STM32F1xx_HAL_Driver/Src/stm32f1xx_hal_dma.o
LOAD ./Drivers/STM32F1xx_HAL_Driver/Src/stm32f1xx_hal_exti.o
LOAD ./Drivers/STM32F1xx_HAL_Driver/Src/stm32f1xx_hal_flash.o
LOAD ./Drivers/STM32F1xx_HAL_Driver/Src/stm32f1xx_hal_flash_ex.o
LOAD ./Drivers/STM32F1xx_HAL_Driver/Src/stm32f1xx_hal_gpio.o
LOAD ./Drivers/STM32F1xx_HAL_Driver/Src/stm32f1xx_hal_gpio_ex.o
LOAD ./Drivers/STM32F1xx_HAL_Driver/Src/stm32f1xx_hal_pwr.o
LOAD ./Drivers/STM32F1xx_HAL_Driver/Src/stm32f1xx_hal_rcc.o
LOAD ./Drivers/STM32F1xx_HAL_Driver/Src/stm32f1xx_hal_rcc_ex.o
LOAD ./Drivers/STM32F1xx_HAL_Driver/Src/stm32f1xx_hal_spi.o
LOAD ./Drivers/STM32F1xx_HAL_Driver/Src/stm32f1xx_hal_tim.o
LOAD ./Drivers/STM32F1xx_HAL_Driver/Src/stm32f1xx_hal_tim_ex.o
LOAD ./FATFS/App/fatfs.o
LOAD ./FATFS/Target/user_diskio.o
LOAD ./Middlewares/Third_Party/FatFs/src/diskio.o
LOAD ./Middlewares/Third_Party/FatFs/src/ff.o
LOAD ./Middlewares/Third_Party/FatFs/src/ff_gen_drv.o
LOAD ./Middlewares/Third_Party/FatFs/src/option/ccsbcs.o
LOAD ./Middlewares/Third_Party/FatFs/src/option/syscall.o
START GROUP
LOAD c:/st/stm32cubeide_1.9.0/stm32cubeide/plugins/com.st.stm32cube.ide.mcu.externaltools.gnu-tools-for-stm32.10.3-2021.10.win32_1.0.0.202111181127/tools/bin/../lib/gcc/arm-none-eabi/10.3.1/../../../../arm-none-eabi/lib/thumb/v7-m/nofp\libc_nano.a
LOAD c:/st/stm32cubeide_1.9.0/stm32cubeide/plugins/com.st.stm32cube.ide.mcu.externaltools.gnu-tools-for-stm32.10.3-2021.10.win32_1.0.0.202111181127/tools/bin/../lib/gcc/arm-none-eabi/10.3.1/../../../../arm-none-eabi/lib/thumb/v7-m/nofp\libm.a
END GROUP
START GROUP
LOAD c:/st/stm32cubeide_1.9.0/stm32cubeide/plugins/com.st.stm32cube.ide.mcu.externaltools.gnu-tools-for-stm32.10.3-2021.10.win32_1.0.0.202111181127/tools/bin/../lib/gcc/arm-none-eabi/10.3.1/thumb/v7-m/nofp\libgcc.a
LOAD c:/st/stm32cubeide_1.9.0/stm32cubeide/plugins/com.st.stm32cube.ide.mcu.externaltools.gnu-tools-for-stm32.10.3-2021.10.win32_1.0.0.202111181127/tools/bin/../lib/gcc/arm-none-eabi/10.3.1/../../../../arm-none-eabi/lib/thumb/v7-m/nofp\libc_nano.a
END GROUP
START GROUP
LOAD c:/st/stm32cubeide_1.9.0/stm32cubeide/plugins/com.st.stm32cube.ide.mcu.externaltools.gnu-tools-for-stm32.10.3-2021.10.win32_1.0.0.202111181127/tools/bin/../lib/gcc/arm-none-eabi/10.3.1/thumb/v7-m/nofp\libgcc.a
LOAD c:/st/stm32cubeide_1.9.0/stm32cubeide/plugins/com.st.stm32cube.ide.mcu.externaltools.gnu-tools-for-stm32.10.3-2021.10.win32_1.0.0.202111181127/tools/bin/../lib/gcc/arm-none-eabi/10.3.1/../../../../arm-none-eabi/lib/thumb/v7-m/nofp\libc_nano.a
LOAD c:/st/stm32cubeide_1.9.0/stm32cubeide/plugins/com.st.stm32cube.ide.mcu.externaltools.gnu-tools-for-stm32.10.3-2021.10.win32_1.0.0.202111181127/tools/bin/../lib/gcc/arm-none-eabi/10.3.1/../../../../arm-none-eabi/lib/thumb/v7-m/nofp\libnosys.a
END GROUP
START GROUP
LOAD c:/st/stm32cubeide_1.9.0/stm32cubeide/plugins/com.st.stm32cube.ide.mcu.externaltools.gnu-tools-for-stm32.10.3-2021.10.win32_1.0.0.202111181127/tools/bin/../lib/gcc/arm-none-eabi/10.3.1/thumb/v7-m/nofp\libgcc.a
LOAD c:/st/stm32cubeide_1.9.0/stm32cubeide/plugins/com.st.stm32cube.ide.mcu.externaltools.gnu-tools-for-stm32.10.3-2021.10.win32_1.0.0.202111181127/tools/bin/../lib/gcc/arm-none-eabi/10.3.1/../../../../arm-none-eabi/lib/thumb/v7-m/nofp\libc_nano.a
LOAD c:/st/stm32cubeide_1.9.0/stm32cubeide/plugins/com.st.stm32cube.ide.mcu.externaltools.gnu-tools-for-stm32.10.3-2021.10.win32_1.0.0.202111181127/tools/bin/../lib/gcc/arm-none-eabi/10.3.1/../../../../arm-none-eabi/lib/thumb/v7-m/nofp\libnosys.a
END GROUP
LOAD c:/st/stm32cubeide_1.9.0/stm32cubeide/plugins/com.st.stm32cube.ide.mcu.externaltools.gnu-tools-for-stm32.10.3-2021.10.win32_1.0.0.202111181127/tools/bin/../lib/gcc/arm-none-eabi/10.3.1/thumb/v7-m/nofp/crtend.o
LOAD c:/st/stm32cubeide_1.9.0/stm32cubeide/plugins/com.st.stm32cube.ide.mcu.externaltools.gnu-tools-for-stm32.10.3-2021.10.win32_1.0.0.202111181127/tools/bin/../lib/gcc/arm-none-eabi/10.3.1/thumb/v7-m/nofp/crtn.o
                0x0000000020005000                _estack = (ORIGIN (RAM) + LENGTH (RAM))
                0x0000000000000200                _Min_Heap_Size = 0x200
                0x0000000000000400                _Min_Stack_Size = 0x400

.isr_vector     0x0000000008000000      0x10c
                0x0000000008000000                . = ALIGN (0x4)
 *(.isr_vector)
 .isr_vector    0x0000000008000000      0x10c ./Core/Startup/startup_stm32f103c8tx.o
                0x0000000008000000                g_pfnVectors
                0x000000000800010c                . = ALIGN (0x4)

.text           0x000000000800010c     0x6acc
                0x000000000800010c                . = ALIGN (0x4)
 *(.text)
 .text          0x000000000800010c       0x40 c:/st/stm32cubeide_1.9.0/stm32cubeide/plugins/com.st.stm32cube.ide.mcu.externaltools.gnu-tools-for-stm32.10.3-2021.10.win32_1.0.0.202111181127/tools/bin/../lib/gcc/arm-none-eabi/10.3.1/thumb/v7-m/nofp/crtbegin.o
 .text          0x000000000800014c      0x254 c:/st/stm32cubeide_1.9.0/stm32cubeide/plugins/com.st.stm32cube.ide.mcu.externaltools.gnu-tools-for-stm32.10.3-2021.10.win32_1.0.0.202111181127/tools/bin/../lib/gcc/arm-none-eabi/10.3.1/thumb/v7-m/nofp\libgcc.a(_arm_muldf3.o)
                0x000000000800014c                __muldf3
                0x000000000800014c                __aeabi_dmul
 .text          0x00000000080003a0      0x378 c:/st/stm32cubeide_1.9.0/stm32cubeide/plugins/com.st.stm32cube.ide.mcu.externaltools.gnu-tools-for-stm32.10.3-2021.10.win32_1.0.0.202111181127/tools/bin/../lib/gcc/arm-none-eabi/10.3.1/thumb/v7-m/nofp\libgcc.a(_arm_addsubdf3.o)
                0x00000000080003a0                __aeabi_drsub
                0x00000000080003a8                __aeabi_dsub
                0x00000000080003a8                __subdf3
                0x00000000080003ac                __aeabi_dadd
                0x00000000080003ac                __adddf3
                0x0000000008000624                __floatunsidf
                0x0000000008000624                __aeabi_ui2d
                0x0000000008000644                __floatsidf
                0x0000000008000644                __aeabi_i2d
                0x0000000008000668                __aeabi_f2d
                0x0000000008000668                __extendsfdf2
                0x00000000080006ac                __floatundidf
                0x00000000080006ac                __aeabi_ul2d
                0x00000000080006bc                __floatdidf
                0x00000000080006bc                __aeabi_l2d
 .text          0x0000000008000718       0x40 c:/st/stm32cubeide_1.9.0/stm32cubeide/plugins/com.st.stm32cube.ide.mcu.externaltools.gnu-tools-for-stm32.10.3-2021.10.win32_1.0.0.202111181127/tools/bin/../lib/gcc/arm-none-eabi/10.3.1/thumb/v7-m/nofp\libgcc.a(_arm_fixunsdfsi.o)
                0x0000000008000718                __aeabi_d2uiz
                0x0000000008000718                __fixunsdfsi
 *(.text*)
 .text.SELECT   0x0000000008000758       0x18 ./Core/Src/fatfs_sd.o
 .text.DESELECT
                0x0000000008000770       0x18 ./Core/Src/fatfs_sd.o
 .text.SPI_TxByte
                0x0000000008000788       0x34 ./Core/Src/fatfs_sd.o
 .text.SPI_RxByte
                0x00000000080007bc       0x3c ./Core/Src/fatfs_sd.o
 .text.SPI_RxBytePtr
                0x00000000080007f8       0x1c ./Core/Src/fatfs_sd.o
 .text.SD_ReadyWait
                0x0000000008000814       0x38 ./Core/Src/fatfs_sd.o
 .text.SD_PowerOn
                0x000000000800084c       0x98 ./Core/Src/fatfs_sd.o
 .text.SD_PowerOff
                0x00000000080008e4       0x18 ./Core/Src/fatfs_sd.o
 .text.SD_CheckPower
                0x00000000080008fc       0x14 ./Core/Src/fatfs_sd.o
 .text.SD_RxDataBlock
                0x0000000008000910       0x6c ./Core/Src/fatfs_sd.o
 .text.SD_TxDataBlock
                0x000000000800097c       0xa8 ./Core/Src/fatfs_sd.o
 .text.SD_SendCmd
                0x0000000008000a24       0xa4 ./Core/Src/fatfs_sd.o
 .text.SD_disk_initialize
                0x0000000008000ac8      0x1d4 ./Core/Src/fatfs_sd.o
                0x0000000008000ac8                SD_disk_initialize
 .text.SD_disk_status
                0x0000000008000c9c       0x28 ./Core/Src/fatfs_sd.o
                0x0000000008000c9c                SD_disk_status
 .text.SD_disk_read
                0x0000000008000cc4       0xd4 ./Core/Src/fatfs_sd.o
                0x0000000008000cc4                SD_disk_read
 .text.SD_disk_write
                0x0000000008000d98      0x108 ./Core/Src/fatfs_sd.o
                0x0000000008000d98                SD_disk_write
 .text.SD_disk_ioctl
                0x0000000008000ea0      0x264 ./Core/Src/fatfs_sd.o
                0x0000000008000ea0                SD_disk_ioctl
 .text.bufsize  0x0000000008001104       0x2c ./Core/Src/main.o
                0x0000000008001104                bufsize
 .text.main     0x0000000008001130      0x148 ./Core/Src/main.o
                0x0000000008001130                main
 .text.SystemClock_Config
                0x0000000008001278       0x8a ./Core/Src/main.o
                0x0000000008001278                SystemClock_Config
 *fill*         0x0000000008001302        0x2 
 .text.MX_SPI1_Init
                0x0000000008001304       0x6c ./Core/Src/main.o
 .text.MX_GPIO_Init
                0x0000000008001370       0x94 ./Core/Src/main.o
 .text.Error_Handler
                0x0000000008001404        0xa ./Core/Src/main.o
                0x0000000008001404                Error_Handler
 *fill*         0x000000000800140e        0x2 
 .text.HAL_MspInit
                0x0000000008001410       0x64 ./Core/Src/stm32f1xx_hal_msp.o
                0x0000000008001410                HAL_MspInit
 .text.HAL_SPI_MspInit
                0x0000000008001474       0x94 ./Core/Src/stm32f1xx_hal_msp.o
                0x0000000008001474                HAL_SPI_MspInit
 .text.SDTimer_Handler
                0x0000000008001508       0x44 ./Core/Src/stm32f1xx_it.o
                0x0000000008001508                SDTimer_Handler
 .text.NMI_Handler
                0x000000000800154c        0x6 ./Core/Src/stm32f1xx_it.o
                0x000000000800154c                NMI_Handler
 .text.HardFault_Handler
                0x0000000008001552        0x6 ./Core/Src/stm32f1xx_it.o
                0x0000000008001552                HardFault_Handler
 .text.MemManage_Handler
                0x0000000008001558        0x6 ./Core/Src/stm32f1xx_it.o
                0x0000000008001558                MemManage_Handler
 .text.BusFault_Handler
                0x000000000800155e        0x6 ./Core/Src/stm32f1xx_it.o
                0x000000000800155e                BusFault_Handler
 .text.UsageFault_Handler
                0x0000000008001564        0x6 ./Core/Src/stm32f1xx_it.o
                0x0000000008001564                UsageFault_Handler
 .text.SVC_Handler
                0x000000000800156a        0xc ./Core/Src/stm32f1xx_it.o
                0x000000000800156a                SVC_Handler
 .text.DebugMon_Handler
                0x0000000008001576        0xc ./Core/Src/stm32f1xx_it.o
                0x0000000008001576                DebugMon_Handler
 .text.PendSV_Handler
                0x0000000008001582        0xc ./Core/Src/stm32f1xx_it.o
                0x0000000008001582                PendSV_Handler
 *fill*         0x000000000800158e        0x2 
 .text.SysTick_Handler
                0x0000000008001590       0x34 ./Core/Src/stm32f1xx_it.o
                0x0000000008001590                SysTick_Handler
 .text.SystemInit
                0x00000000080015c4        0xc ./Core/Src/system_stm32f1xx.o
                0x00000000080015c4                SystemInit
 .text.Reset_Handler
                0x00000000080015d0       0x48 ./Core/Startup/startup_stm32f103c8tx.o
                0x00000000080015d0                Reset_Handler
 .text.Default_Handler
                0x0000000008001618        0x2 ./Core/Startup/startup_stm32f103c8tx.o
                0x0000000008001618                RTC_Alarm_IRQHandler
                0x0000000008001618                EXTI2_IRQHandler
                0x0000000008001618                TIM1_CC_IRQHandler
                0x0000000008001618                PVD_IRQHandler
                0x0000000008001618                EXTI3_IRQHandler
                0x0000000008001618                EXTI0_IRQHandler
                0x0000000008001618                I2C2_EV_IRQHandler
                0x0000000008001618                ADC1_2_IRQHandler
                0x0000000008001618                SPI1_IRQHandler
                0x0000000008001618                TAMPER_IRQHandler
                0x0000000008001618                DMA1_Channel4_IRQHandler
                0x0000000008001618                USART3_IRQHandler
                0x0000000008001618                RTC_IRQHandler
                0x0000000008001618                DMA1_Channel7_IRQHandler
                0x0000000008001618                CAN1_RX1_IRQHandler
                0x0000000008001618                TIM4_IRQHandler
                0x0000000008001618                I2C1_EV_IRQHandler
                0x0000000008001618                DMA1_Channel6_IRQHandler
                0x0000000008001618                TIM3_IRQHandler
                0x0000000008001618                RCC_IRQHandler
                0x0000000008001618                TIM1_TRG_COM_IRQHandler
                0x0000000008001618                DMA1_Channel1_IRQHandler
                0x0000000008001618                Default_Handler
                0x0000000008001618                EXTI15_10_IRQHandler
                0x0000000008001618                EXTI9_5_IRQHandler
                0x0000000008001618                SPI2_IRQHandler
                0x0000000008001618                DMA1_Channel5_IRQHandler
                0x0000000008001618                EXTI4_IRQHandler
                0x0000000008001618                USB_LP_CAN1_RX0_IRQHandler
                0x0000000008001618                USB_HP_CAN1_TX_IRQHandler
                0x0000000008001618                DMA1_Channel3_IRQHandler
                0x0000000008001618                TIM1_UP_IRQHandler
                0x0000000008001618                WWDG_IRQHandler
                0x0000000008001618                TIM2_IRQHandler
                0x0000000008001618                TIM1_BRK_IRQHandler
                0x0000000008001618                EXTI1_IRQHandler
                0x0000000008001618                USART2_IRQHandler
                0x0000000008001618                I2C2_ER_IRQHandler
                0x0000000008001618                DMA1_Channel2_IRQHandler
                0x0000000008001618                CAN1_SCE_IRQHandler
                0x0000000008001618                FLASH_IRQHandler
                0x0000000008001618                USART1_IRQHandler
                0x0000000008001618                I2C1_ER_IRQHandler
                0x0000000008001618                USBWakeUp_IRQHandler
 *fill*         0x000000000800161a        0x2 
 .text.HAL_Init
                0x000000000800161c       0x2c ./Drivers/STM32F1xx_HAL_Driver/Src/stm32f1xx_hal.o
                0x000000000800161c                HAL_Init
 .text.HAL_InitTick
                0x0000000008001648       0x60 ./Drivers/STM32F1xx_HAL_Driver/Src/stm32f1xx_hal.o
                0x0000000008001648                HAL_InitTick
 .text.HAL_IncTick
                0x00000000080016a8       0x24 ./Drivers/STM32F1xx_HAL_Driver/Src/stm32f1xx_hal.o
                0x00000000080016a8                HAL_IncTick
 .text.HAL_GetTick
                0x00000000080016cc       0x14 ./Drivers/STM32F1xx_HAL_Driver/Src/stm32f1xx_hal.o
                0x00000000080016cc                HAL_GetTick
 .text.HAL_Delay
                0x00000000080016e0       0x48 ./Drivers/STM32F1xx_HAL_Driver/Src/stm32f1xx_hal.o
                0x00000000080016e0                HAL_Delay
 .text.__NVIC_SetPriorityGrouping
                0x0000000008001728       0x48 ./Drivers/STM32F1xx_HAL_Driver/Src/stm32f1xx_hal_cortex.o
 .text.__NVIC_GetPriorityGrouping
                0x0000000008001770       0x1c ./Drivers/STM32F1xx_HAL_Driver/Src/stm32f1xx_hal_cortex.o
 .text.__NVIC_SetPriority
                0x000000000800178c       0x54 ./Drivers/STM32F1xx_HAL_Driver/Src/stm32f1xx_hal_cortex.o
 .text.NVIC_EncodePriority
                0x00000000080017e0       0x64 ./Drivers/STM32F1xx_HAL_Driver/Src/stm32f1xx_hal_cortex.o
 .text.SysTick_Config
                0x0000000008001844       0x44 ./Drivers/STM32F1xx_HAL_Driver/Src/stm32f1xx_hal_cortex.o
 .text.HAL_NVIC_SetPriorityGrouping
                0x0000000008001888       0x16 ./Drivers/STM32F1xx_HAL_Driver/Src/stm32f1xx_hal_cortex.o
                0x0000000008001888                HAL_NVIC_SetPriorityGrouping
 .text.HAL_NVIC_SetPriority
                0x000000000800189e       0x38 ./Drivers/STM32F1xx_HAL_Driver/Src/stm32f1xx_hal_cortex.o
                0x000000000800189e                HAL_NVIC_SetPriority
 .text.HAL_SYSTICK_Config
                0x00000000080018d6       0x18 ./Drivers/STM32F1xx_HAL_Driver/Src/stm32f1xx_hal_cortex.o
                0x00000000080018d6                HAL_SYSTICK_Config
 *fill*         0x00000000080018ee        0x2 
 .text.HAL_GPIO_Init
                0x00000000080018f0      0x308 ./Drivers/STM32F1xx_HAL_Driver/Src/stm32f1xx_hal_gpio.o
                0x00000000080018f0                HAL_GPIO_Init
 .text.HAL_GPIO_WritePin
                0x0000000008001bf8       0x30 ./Drivers/STM32F1xx_HAL_Driver/Src/stm32f1xx_hal_gpio.o
                0x0000000008001bf8                HAL_GPIO_WritePin
 .text.HAL_RCC_OscConfig
                0x0000000008001c28      0x504 ./Drivers/STM32F1xx_HAL_Driver/Src/stm32f1xx_hal_rcc.o
                0x0000000008001c28                HAL_RCC_OscConfig
 .text.HAL_RCC_ClockConfig
                0x000000000800212c      0x1d4 ./Drivers/STM32F1xx_HAL_Driver/Src/stm32f1xx_hal_rcc.o
                0x000000000800212c                HAL_RCC_ClockConfig
 .text.HAL_RCC_GetSysClockFreq
                0x0000000008002300       0xbc ./Drivers/STM32F1xx_HAL_Driver/Src/stm32f1xx_hal_rcc.o
                0x0000000008002300                HAL_RCC_GetSysClockFreq
 .text.RCC_Delay
                0x00000000080023bc       0x3c ./Drivers/STM32F1xx_HAL_Driver/Src/stm32f1xx_hal_rcc.o
 .text.HAL_SPI_Init
                0x00000000080023f8      0x108 ./Drivers/STM32F1xx_HAL_Driver/Src/stm32f1xx_hal_spi.o
                0x00000000080023f8                HAL_SPI_Init
 .text.HAL_SPI_Transmit
                0x0000000008002500      0x278 ./Drivers/STM32F1xx_HAL_Driver/Src/stm32f1xx_hal_spi.o
                0x0000000008002500                HAL_SPI_Transmit
 .text.HAL_SPI_TransmitReceive
                0x0000000008002778      0x344 ./Drivers/STM32F1xx_HAL_Driver/Src/stm32f1xx_hal_spi.o
                0x0000000008002778                HAL_SPI_TransmitReceive
 .text.HAL_SPI_GetState
                0x0000000008002abc       0x1a ./Drivers/STM32F1xx_HAL_Driver/Src/stm32f1xx_hal_spi.o
                0x0000000008002abc                HAL_SPI_GetState
 *fill*         0x0000000008002ad6        0x2 
 .text.SPI_WaitFlagStateUntilTimeout
                0x0000000008002ad8      0x110 ./Drivers/STM32F1xx_HAL_Driver/Src/stm32f1xx_hal_spi.o
 .text.SPI_EndRxTxTransaction
                0x0000000008002be8       0x3c ./Drivers/STM32F1xx_HAL_Driver/Src/stm32f1xx_hal_spi.o
 .text.MX_FATFS_Init
                0x0000000008002c24       0x24 ./FATFS/App/fatfs.o
                0x0000000008002c24                MX_FATFS_Init
 .text.get_fattime
                0x0000000008002c48        0xe ./FATFS/App/fatfs.o
                0x0000000008002c48                get_fattime
 .text.USER_initialize
                0x0000000008002c56       0x1e ./FATFS/Target/user_diskio.o
                0x0000000008002c56                USER_initialize
 .text.USER_status
                0x0000000008002c74       0x1e ./FATFS/Target/user_diskio.o
                0x0000000008002c74                USER_status
 .text.USER_read
                0x0000000008002c92       0x28 ./FATFS/Target/user_diskio.o
                0x0000000008002c92                USER_read
 .text.USER_write
                0x0000000008002cba       0x28 ./FATFS/Target/user_diskio.o
                0x0000000008002cba                USER_write
 .text.USER_ioctl
                0x0000000008002ce2       0x28 ./FATFS/Target/user_diskio.o
                0x0000000008002ce2                USER_ioctl
 *fill*         0x0000000008002d0a        0x2 
 .text.disk_status
                0x0000000008002d0c       0x34 ./Middlewares/Third_Party/FatFs/src/diskio.o
                0x0000000008002d0c                disk_status
 .text.disk_initialize
                0x0000000008002d40       0x4c ./Middlewares/Third_Party/FatFs/src/diskio.o
                0x0000000008002d40                disk_initialize
 .text.disk_read
                0x0000000008002d8c       0x40 ./Middlewares/Third_Party/FatFs/src/diskio.o
                0x0000000008002d8c                disk_read
 .text.disk_write
                0x0000000008002dcc       0x40 ./Middlewares/Third_Party/FatFs/src/diskio.o
                0x0000000008002dcc                disk_write
 .text.disk_ioctl
                0x0000000008002e0c       0x3c ./Middlewares/Third_Party/FatFs/src/diskio.o
                0x0000000008002e0c                disk_ioctl
 .text.mem_cpy  0x0000000008002e48       0x3c ./Middlewares/Third_Party/FatFs/src/ff.o
 .text.mem_set  0x0000000008002e84       0x34 ./Middlewares/Third_Party/FatFs/src/ff.o
 .text.mem_cmp  0x0000000008002eb8       0x4c ./Middlewares/Third_Party/FatFs/src/ff.o
 .text.chk_chr  0x0000000008002f04       0x34 ./Middlewares/Third_Party/FatFs/src/ff.o
 .text.chk_lock
                0x0000000008002f38       0xe0 ./Middlewares/Third_Party/FatFs/src/ff.o
 .text.enq_lock
                0x0000000008003018       0x48 ./Middlewares/Third_Party/FatFs/src/ff.o
 .text.inc_lock
                0x0000000008003060      0x178 ./Middlewares/Third_Party/FatFs/src/ff.o
 .text.dec_lock
                0x00000000080031d8       0x88 ./Middlewares/Third_Party/FatFs/src/ff.o
 .text.clear_lock
                0x0000000008003260       0x54 ./Middlewares/Third_Party/FatFs/src/ff.o
 .text.sync_window
                0x00000000080032b4       0xa4 ./Middlewares/Third_Party/FatFs/src/ff.o
 .text.move_window
                0x0000000008003358       0x64 ./Middlewares/Third_Party/FatFs/src/ff.o
 .text.sync_fs  0x00000000080033bc      0x17e ./Middlewares/Third_Party/FatFs/src/ff.o
 .text.clust2sect
                0x000000000800353a       0x48 ./Middlewares/Third_Party/FatFs/src/ff.o
                0x000000000800353a                clust2sect
 .text.get_fat  0x0000000008003582      0x1f8 ./Middlewares/Third_Party/FatFs/src/ff.o
                0x0000000008003582                get_fat
 .text.put_fat  0x000000000800377a      0x2a6 ./Middlewares/Third_Party/FatFs/src/ff.o
                0x000000000800377a                put_fat
 .text.remove_chain
                0x0000000008003a20       0xc2 ./Middlewares/Third_Party/FatFs/src/ff.o
 .text.create_chain
                0x0000000008003ae2      0x150 ./Middlewares/Third_Party/FatFs/src/ff.o
 .text.clmt_clust
                0x0000000008003c32       0x80 ./Middlewares/Third_Party/FatFs/src/ff.o
 .text.dir_sdi  0x0000000008003cb2      0x19c ./Middlewares/Third_Party/FatFs/src/ff.o
 .text.dir_next
                0x0000000008003e4e      0x294 ./Middlewares/Third_Party/FatFs/src/ff.o
 .text.dir_alloc
                0x00000000080040e2       0x9c ./Middlewares/Third_Party/FatFs/src/ff.o
 .text.ld_clust
                0x000000000800417e       0x5c ./Middlewares/Third_Party/FatFs/src/ff.o
 .text.st_clust
                0x00000000080041da       0x4c ./Middlewares/Third_Party/FatFs/src/ff.o
 *fill*         0x0000000008004226        0x2 
 .text.cmp_lfn  0x0000000008004228       0xdc ./Middlewares/Third_Party/FatFs/src/ff.o
 .text.fit_lfn  0x0000000008004304       0xe8 ./Middlewares/Third_Party/FatFs/src/ff.o
 .text.gen_numname
                0x00000000080043ec      0x11c ./Middlewares/Third_Party/FatFs/src/ff.o
 .text.sum_sfn  0x0000000008004508       0x40 ./Middlewares/Third_Party/FatFs/src/ff.o
 .text.dir_find
                0x0000000008004548      0x198 ./Middlewares/Third_Party/FatFs/src/ff.o
 .text.dir_register
                0x00000000080046e0      0x248 ./Middlewares/Third_Party/FatFs/src/ff.o
 .text.create_name
                0x0000000008004928      0x37c ./Middlewares/Third_Party/FatFs/src/ff.o
 .text.follow_path
                0x0000000008004ca4       0xec ./Middlewares/Third_Party/FatFs/src/ff.o
 .text.get_ldnumber
                0x0000000008004d90       0x86 ./Middlewares/Third_Party/FatFs/src/ff.o
 *fill*         0x0000000008004e16        0x2 
 .text.check_fs
                0x0000000008004e18       0xdc ./Middlewares/Third_Party/FatFs/src/ff.o
 .text.find_volume
                0x0000000008004ef4      0x664 ./Middlewares/Third_Party/FatFs/src/ff.o
 .text.validate
                0x0000000008005558       0x76 ./Middlewares/Third_Party/FatFs/src/ff.o
 *fill*         0x00000000080055ce        0x2 
 .text.f_mount  0x00000000080055d0       0x94 ./Middlewares/Third_Party/FatFs/src/ff.o
                0x00000000080055d0                f_mount
 .text.f_open   0x0000000008005664      0x630 ./Middlewares/Third_Party/FatFs/src/ff.o
                0x0000000008005664                f_open
 .text.f_read   0x0000000008005c94      0x3d0 ./Middlewares/Third_Party/FatFs/src/ff.o
                0x0000000008005c94                f_read
 .text.f_write  0x0000000008006064      0x472 ./Middlewares/Third_Party/FatFs/src/ff.o
                0x0000000008006064                f_write
 .text.f_sync   0x00000000080064d6      0x19c ./Middlewares/Third_Party/FatFs/src/ff.o
                0x00000000080064d6                f_sync
 .text.f_close  0x0000000008006672       0x56 ./Middlewares/Third_Party/FatFs/src/ff.o
                0x0000000008006672                f_close
 .text.f_getfree
                0x00000000080066c8      0x1b4 ./Middlewares/Third_Party/FatFs/src/ff.o
                0x00000000080066c8                f_getfree
 .text.f_gets   0x000000000800687c       0x7a ./Middlewares/Third_Party/FatFs/src/ff.o
                0x000000000800687c                f_gets
 .text.putc_bfd
                0x00000000080068f6       0x7a ./Middlewares/Third_Party/FatFs/src/ff.o
 .text.f_puts   0x0000000008006970       0x72 ./Middlewares/Third_Party/FatFs/src/ff.o
                0x0000000008006970                f_puts
 *fill*         0x00000000080069e2        0x2 
 .text.FATFS_LinkDriverEx
                0x00000000080069e4       0x94 ./Middlewares/Third_Party/FatFs/src/ff_gen_drv.o
                0x00000000080069e4                FATFS_LinkDriverEx
 .text.FATFS_LinkDriver
                0x0000000008006a78       0x1e ./Middlewares/Third_Party/FatFs/src/ff_gen_drv.o
                0x0000000008006a78                FATFS_LinkDriver
 *fill*         0x0000000008006a96        0x2 
 .text.ff_convert
                0x0000000008006a98       0x74 ./Middlewares/Third_Party/FatFs/src/option/ccsbcs.o
                0x0000000008006a98                ff_convert
 .text.ff_wtoupper
                0x0000000008006b0c       0x5c ./Middlewares/Third_Party/FatFs/src/option/ccsbcs.o
                0x0000000008006b0c                ff_wtoupper
 .text.__libc_init_array
                0x0000000008006b68       0x48 c:/st/stm32cubeide_1.9.0/stm32cubeide/plugins/com.st.stm32cube.ide.mcu.externaltools.gnu-tools-for-stm32.10.3-2021.10.win32_1.0.0.202111181127/tools/bin/../lib/gcc/arm-none-eabi/10.3.1/../../../../arm-none-eabi/lib/thumb/v7-m/nofp\libc_nano.a(lib_a-init.o)
                0x0000000008006b68                __libc_init_array
 .text.memset   0x0000000008006bb0       0x10 c:/st/stm32cubeide_1.9.0/stm32cubeide/plugins/com.st.stm32cube.ide.mcu.externaltools.gnu-tools-for-stm32.10.3-2021.10.win32_1.0.0.202111181127/tools/bin/../lib/gcc/arm-none-eabi/10.3.1/../../../../arm-none-eabi/lib/thumb/v7-m/nofp\libc_nano.a(lib_a-memset.o)
                0x0000000008006bb0                memset
 *(.glue_7)
 .glue_7        0x0000000008006bc0        0x0 linker stubs
 *(.glue_7t)
 .glue_7t       0x0000000008006bc0        0x0 linker stubs
 *(.eh_frame)
 .eh_frame      0x0000000008006bc0        0x0 c:/st/stm32cubeide_1.9.0/stm32cubeide/plugins/com.st.stm32cube.ide.mcu.externaltools.gnu-tools-for-stm32.10.3-2021.10.win32_1.0.0.202111181127/tools/bin/../lib/gcc/arm-none-eabi/10.3.1/thumb/v7-m/nofp/crtbegin.o
 *(.init)
 .init          0x0000000008006bc0        0x4 c:/st/stm32cubeide_1.9.0/stm32cubeide/plugins/com.st.stm32cube.ide.mcu.externaltools.gnu-tools-for-stm32.10.3-2021.10.win32_1.0.0.202111181127/tools/bin/../lib/gcc/arm-none-eabi/10.3.1/thumb/v7-m/nofp/crti.o
                0x0000000008006bc0                _init
 .init          0x0000000008006bc4        0x8 c:/st/stm32cubeide_1.9.0/stm32cubeide/plugins/com.st.stm32cube.ide.mcu.externaltools.gnu-tools-for-stm32.10.3-2021.10.win32_1.0.0.202111181127/tools/bin/../lib/gcc/arm-none-eabi/10.3.1/thumb/v7-m/nofp/crtn.o
 *(.fini)
 .fini          0x0000000008006bcc        0x4 c:/st/stm32cubeide_1.9.0/stm32cubeide/plugins/com.st.stm32cube.ide.mcu.externaltools.gnu-tools-for-stm32.10.3-2021.10.win32_1.0.0.202111181127/tools/bin/../lib/gcc/arm-none-eabi/10.3.1/thumb/v7-m/nofp/crti.o
                0x0000000008006bcc                _fini
 .fini          0x0000000008006bd0        0x8 c:/st/stm32cubeide_1.9.0/stm32cubeide/plugins/com.st.stm32cube.ide.mcu.externaltools.gnu-tools-for-stm32.10.3-2021.10.win32_1.0.0.202111181127/tools/bin/../lib/gcc/arm-none-eabi/10.3.1/thumb/v7-m/nofp/crtn.o
                0x0000000008006bd8                . = ALIGN (0x4)
                0x0000000008006bd8                _etext = .

.vfp11_veneer   0x0000000008006bd8        0x0
 .vfp11_veneer  0x0000000008006bd8        0x0 linker stubs

.v4_bx          0x0000000008006bd8        0x0
 .v4_bx         0x0000000008006bd8        0x0 linker stubs

.iplt           0x0000000008006bd8        0x0
 .iplt          0x0000000008006bd8        0x0 c:/st/stm32cubeide_1.9.0/stm32cubeide/plugins/com.st.stm32cube.ide.mcu.externaltools.gnu-tools-for-stm32.10.3-2021.10.win32_1.0.0.202111181127/tools/bin/../lib/gcc/arm-none-eabi/10.3.1/thumb/v7-m/nofp/crtbegin.o

.rodata         0x0000000008006bd8      0x610
                0x0000000008006bd8                . = ALIGN (0x4)
 *(.rodata)
 .rodata        0x0000000008006bd8       0x56 ./Core/Src/main.o
 *fill*         0x0000000008006c2e        0x2 
 .rodata        0x0000000008006c30       0x10 ./Drivers/STM32F1xx_HAL_Driver/Src/stm32f1xx_hal_rcc.o
 .rodata        0x0000000008006c40       0x48 ./Middlewares/Third_Party/FatFs/src/ff.o
 *(.rodata*)
 .rodata.AHBPrescTable
                0x0000000008006c88       0x10 ./Core/Src/system_stm32f1xx.o
                0x0000000008006c88                AHBPrescTable
 .rodata.ExCvt  0x0000000008006c98       0x80 ./Middlewares/Third_Party/FatFs/src/ff.o
 .rodata.LfnOfs
                0x0000000008006d18        0xd ./Middlewares/Third_Party/FatFs/src/ff.o
 *fill*         0x0000000008006d25        0x3 
 .rodata.Tbl    0x0000000008006d28      0x100 ./Middlewares/Third_Party/FatFs/src/option/ccsbcs.o
 .rodata.tbl_lower.1
                0x0000000008006e28      0x1e0 ./Middlewares/Third_Party/FatFs/src/option/ccsbcs.o
 .rodata.tbl_upper.0
                0x0000000008007008      0x1e0 ./Middlewares/Third_Party/FatFs/src/option/ccsbcs.o
                0x00000000080071e8                . = ALIGN (0x4)

.rel.dyn        0x00000000080071e8        0x0
 .rel.iplt      0x00000000080071e8        0x0 c:/st/stm32cubeide_1.9.0/stm32cubeide/plugins/com.st.stm32cube.ide.mcu.externaltools.gnu-tools-for-stm32.10.3-2021.10.win32_1.0.0.202111181127/tools/bin/../lib/gcc/arm-none-eabi/10.3.1/thumb/v7-m/nofp/crtbegin.o

.ARM.extab      0x00000000080071e8        0x0
                0x00000000080071e8                . = ALIGN (0x4)
 *(.ARM.extab* .gnu.linkonce.armextab.*)
                0x00000000080071e8                . = ALIGN (0x4)

.ARM            0x00000000080071e8        0x0
                0x00000000080071e8                . = ALIGN (0x4)
                0x00000000080071e8                __exidx_start = .
 *(.ARM.exidx*)
                0x00000000080071e8                __exidx_end = .
                0x00000000080071e8                . = ALIGN (0x4)

.preinit_array  0x00000000080071e8        0x0
                0x00000000080071e8                . = ALIGN (0x4)
                0x00000000080071e8                PROVIDE (__preinit_array_start = .)
 *(.preinit_array*)
                0x00000000080071e8                PROVIDE (__preinit_array_end = .)
                0x00000000080071e8                . = ALIGN (0x4)

.init_array     0x00000000080071e8        0x4
                0x00000000080071e8                . = ALIGN (0x4)
                0x00000000080071e8                PROVIDE (__init_array_start = .)
 *(SORT_BY_NAME(.init_array.*))
 *(.init_array*)
 .init_array    0x00000000080071e8        0x4 c:/st/stm32cubeide_1.9.0/stm32cubeide/plugins/com.st.stm32cube.ide.mcu.externaltools.gnu-tools-for-stm32.10.3-2021.10.win32_1.0.0.202111181127/tools/bin/../lib/gcc/arm-none-eabi/10.3.1/thumb/v7-m/nofp/crtbegin.o
                0x00000000080071ec                PROVIDE (__init_array_end = .)
                0x00000000080071ec                . = ALIGN (0x4)

.fini_array     0x00000000080071ec        0x4
                0x00000000080071ec                . = ALIGN (0x4)
                [!provide]                        PROVIDE (__fini_array_start = .)
 *(SORT_BY_NAME(.fini_array.*))
 *(.fini_array*)
 .fini_array    0x00000000080071ec        0x4 c:/st/stm32cubeide_1.9.0/stm32cubeide/plugins/com.st.stm32cube.ide.mcu.externaltools.gnu-tools-for-stm32.10.3-2021.10.win32_1.0.0.202111181127/tools/bin/../lib/gcc/arm-none-eabi/10.3.1/thumb/v7-m/nofp/crtbegin.o
                [!provide]                        PROVIDE (__fini_array_end = .)
                0x00000000080071f0                . = ALIGN (0x4)
                0x00000000080071f0                _sidata = LOADADDR (.data)

.data           0x0000000020000000       0x24 load address 0x00000000080071f0
                0x0000000020000000                . = ALIGN (0x4)
                0x0000000020000000                _sdata = .
 *(.data)
 *(.data*)
 .data.Stat     0x0000000020000000        0x1 ./Core/Src/fatfs_sd.o
 *fill*         0x0000000020000001        0x3 
 .data.SystemCoreClock
                0x0000000020000004        0x4 ./Core/Src/system_stm32f1xx.o
                0x0000000020000004                SystemCoreClock
 .data.uwTickPrio
                0x0000000020000008        0x4 ./Drivers/STM32F1xx_HAL_Driver/Src/stm32f1xx_hal.o
                0x0000000020000008                uwTickPrio
 .data.uwTickFreq
                0x000000002000000c        0x1 ./Drivers/STM32F1xx_HAL_Driver/Src/stm32f1xx_hal.o
                0x000000002000000c                uwTickFreq
 *fill*         0x000000002000000d        0x3 
 .data.USER_Driver
                0x0000000020000010       0x14 ./FATFS/Target/user_diskio.o
                0x0000000020000010                USER_Driver
 *(.RamFunc)
 *(.RamFunc*)
                0x0000000020000024                . = ALIGN (0x4)
                0x0000000020000024                _edata = .

.igot.plt       0x0000000020000024        0x0 load address 0x0000000008007214
 .igot.plt      0x0000000020000024        0x0 c:/st/stm32cubeide_1.9.0/stm32cubeide/plugins/com.st.stm32cube.ide.mcu.externaltools.gnu-tools-for-stm32.10.3-2021.10.win32_1.0.0.202111181127/tools/bin/../lib/gcc/arm-none-eabi/10.3.1/thumb/v7-m/nofp/crtbegin.o
                0x0000000020000024                . = ALIGN (0x4)

.bss            0x0000000020000024     0x23a4 load address 0x0000000008007214
                0x0000000020000024                _sbss = .
                0x0000000020000024                __bss_start__ = _sbss
 *(.bss)
 .bss           0x0000000020000024       0x1c c:/st/stm32cubeide_1.9.0/stm32cubeide/plugins/com.st.stm32cube.ide.mcu.externaltools.gnu-tools-for-stm32.10.3-2021.10.win32_1.0.0.202111181127/tools/bin/../lib/gcc/arm-none-eabi/10.3.1/thumb/v7-m/nofp/crtbegin.o
 *(.bss*)
 .bss.CardType  0x0000000020000040        0x1 ./Core/Src/fatfs_sd.o
 .bss.PowerFlag
                0x0000000020000041        0x1 ./Core/Src/fatfs_sd.o
 *fill*         0x0000000020000042        0x2 
 .bss.fs        0x0000000020000044     0x1030 ./Core/Src/main.o
                0x0000000020000044                fs
 .bss.pfs       0x0000000020001074        0x4 ./Core/Src/main.o
                0x0000000020001074                pfs
 .bss.fil       0x0000000020001078     0x102c ./Core/Src/main.o
                0x0000000020001078                fil
 .bss.fre_clust
                0x00000000200020a4        0x4 ./Core/Src/main.o
                0x00000000200020a4                fre_clust
 .bss.total     0x00000000200020a8        0x4 ./Core/Src/main.o
                0x00000000200020a8                total
 .bss.free      0x00000000200020ac        0x4 ./Core/Src/main.o
                0x00000000200020ac                free
 .bss.bw        0x00000000200020b0        0x4 ./Core/Src/main.o
                0x00000000200020b0                bw
 .bss.buffer    0x00000000200020b4       0x80 ./Core/Src/main.o
                0x00000000200020b4                buffer
 .bss.hspi1     0x0000000020002134       0x58 ./Core/Src/main.o
                0x0000000020002134                hspi1
 .bss.FatFsCnt  0x000000002000218c        0x1 ./Core/Src/stm32f1xx_it.o
                0x000000002000218c                FatFsCnt
 .bss.Timer1    0x000000002000218d        0x1 ./Core/Src/stm32f1xx_it.o
                0x000000002000218d                Timer1
 .bss.Timer2    0x000000002000218e        0x1 ./Core/Src/stm32f1xx_it.o
                0x000000002000218e                Timer2
 *fill*         0x000000002000218f        0x1 
 .bss.uwTick    0x0000000020002190        0x4 ./Drivers/STM32F1xx_HAL_Driver/Src/stm32f1xx_hal.o
                0x0000000020002190                uwTick
 .bss.retUSER   0x0000000020002194        0x1 ./FATFS/App/fatfs.o
                0x0000000020002194                retUSER
 *fill*         0x0000000020002195        0x3 
 .bss.USERPath  0x0000000020002198        0x4 ./FATFS/App/fatfs.o
                0x0000000020002198                USERPath
 .bss.FatFs     0x000000002000219c        0x4 ./Middlewares/Third_Party/FatFs/src/ff.o
 .bss.Fsid      0x00000000200021a0        0x2 ./Middlewares/Third_Party/FatFs/src/ff.o
 *fill*         0x00000000200021a2        0x2 
 .bss.Files     0x00000000200021a4       0x18 ./Middlewares/Third_Party/FatFs/src/ff.o
 .bss.LfnBuf    0x00000000200021bc      0x200 ./Middlewares/Third_Party/FatFs/src/ff.o
 .bss.disk      0x00000000200023bc        0xc ./Middlewares/Third_Party/FatFs/src/ff_gen_drv.o
                0x00000000200023bc                disk
 *(COMMON)
                0x00000000200023c8                . = ALIGN (0x4)
                0x00000000200023c8                _ebss = .
                0x00000000200023c8                __bss_end__ = _ebss

._user_heap_stack
                0x00000000200023c8      0x600 load address 0x0000000008007214
                0x00000000200023c8                . = ALIGN (0x8)
                [!provide]                        PROVIDE (end = .)
                0x00000000200023c8                PROVIDE (_end = .)
                0x00000000200025c8                . = (. + _Min_Heap_Size)
 *fill*         0x00000000200023c8      0x200 
                0x00000000200029c8                . = (. + _Min_Stack_Size)
 *fill*         0x00000000200025c8      0x400 
                0x00000000200029c8                . = ALIGN (0x8)

/DISCARD/
 libc.a(*)
 libm.a(*)
 libgcc.a(*)

.ARM.attributes
                0x0000000000000000       0x29
 *(.ARM.attributes)
 .ARM.attributes
                0x0000000000000000       0x1d c:/st/stm32cubeide_1.9.0/stm32cubeide/plugins/com.st.stm32cube.ide.mcu.externaltools.gnu-tools-for-stm32.10.3-2021.10.win32_1.0.0.202111181127/tools/bin/../lib/gcc/arm-none-eabi/10.3.1/thumb/v7-m/nofp/crti.o
 .ARM.attributes
                0x000000000000001d       0x2d c:/st/stm32cubeide_1.9.0/stm32cubeide/plugins/com.st.stm32cube.ide.mcu.externaltools.gnu-tools-for-stm32.10.3-2021.10.win32_1.0.0.202111181127/tools/bin/../lib/gcc/arm-none-eabi/10.3.1/thumb/v7-m/nofp/crtbegin.o
 .ARM.attributes
                0x000000000000004a       0x2d ./Core/Src/fatfs_sd.o
 .ARM.attributes
                0x0000000000000077       0x2d ./Core/Src/main.o
 .ARM.attributes
                0x00000000000000a4       0x2d ./Core/Src/stm32f1xx_hal_msp.o
 .ARM.attributes
                0x00000000000000d1       0x2d ./Core/Src/stm32f1xx_it.o
 .ARM.attributes
                0x00000000000000fe       0x2d ./Core/Src/system_stm32f1xx.o
 .ARM.attributes
                0x000000000000012b       0x21 ./Core/Startup/startup_stm32f103c8tx.o
 .ARM.attributes
                0x000000000000014c       0x2d ./Drivers/STM32F1xx_HAL_Driver/Src/stm32f1xx_hal.o
 .ARM.attributes
                0x0000000000000179       0x2d ./Drivers/STM32F1xx_HAL_Driver/Src/stm32f1xx_hal_cortex.o
 .ARM.attributes
                0x00000000000001a6       0x2d ./Drivers/STM32F1xx_HAL_Driver/Src/stm32f1xx_hal_gpio.o
 .ARM.attributes
                0x00000000000001d3       0x2d ./Drivers/STM32F1xx_HAL_Driver/Src/stm32f1xx_hal_rcc.o
 .ARM.attributes
                0x0000000000000200       0x2d ./Drivers/STM32F1xx_HAL_Driver/Src/stm32f1xx_hal_spi.o
 .ARM.attributes
                0x000000000000022d       0x2d ./FATFS/App/fatfs.o
 .ARM.attributes
                0x000000000000025a       0x2d ./FATFS/Target/user_diskio.o
 .ARM.attributes
                0x0000000000000287       0x2d ./Middlewares/Third_Party/FatFs/src/diskio.o
 .ARM.attributes
                0x00000000000002b4       0x2d ./Middlewares/Third_Party/FatFs/src/ff.o
 .ARM.attributes
                0x00000000000002e1       0x2d ./Middlewares/Third_Party/FatFs/src/ff_gen_drv.o
 .ARM.attributes
                0x000000000000030e       0x2d ./Middlewares/Third_Party/FatFs/src/option/ccsbcs.o
 .ARM.attributes
                0x000000000000033b       0x2d c:/st/stm32cubeide_1.9.0/stm32cubeide/plugins/com.st.stm32cube.ide.mcu.externaltools.gnu-tools-for-stm32.10.3-2021.10.win32_1.0.0.202111181127/tools/bin/../lib/gcc/arm-none-eabi/10.3.1/../../../../arm-none-eabi/lib/thumb/v7-m/nofp\libc_nano.a(lib_a-init.o)
 .ARM.attributes
                0x0000000000000368       0x2d c:/st/stm32cubeide_1.9.0/stm32cubeide/plugins/com.st.stm32cube.ide.mcu.externaltools.gnu-tools-for-stm32.10.3-2021.10.win32_1.0.0.202111181127/tools/bin/../lib/gcc/arm-none-eabi/10.3.1/../../../../arm-none-eabi/lib/thumb/v7-m/nofp\libc_nano.a(lib_a-memset.o)
 .ARM.attributes
                0x0000000000000395       0x1d c:/st/stm32cubeide_1.9.0/stm32cubeide/plugins/com.st.stm32cube.ide.mcu.externaltools.gnu-tools-for-stm32.10.3-2021.10.win32_1.0.0.202111181127/tools/bin/../lib/gcc/arm-none-eabi/10.3.1/thumb/v7-m/nofp\libgcc.a(_arm_muldf3.o)
 .ARM.attributes
                0x00000000000003b2       0x1d c:/st/stm32cubeide_1.9.0/stm32cubeide/plugins/com.st.stm32cube.ide.mcu.externaltools.gnu-tools-for-stm32.10.3-2021.10.win32_1.0.0.202111181127/tools/bin/../lib/gcc/arm-none-eabi/10.3.1/thumb/v7-m/nofp\libgcc.a(_arm_addsubdf3.o)
 .ARM.attributes
                0x00000000000003cf       0x1d c:/st/stm32cubeide_1.9.0/stm32cubeide/plugins/com.st.stm32cube.ide.mcu.externaltools.gnu-tools-for-stm32.10.3-2021.10.win32_1.0.0.202111181127/tools/bin/../lib/gcc/arm-none-eabi/10.3.1/thumb/v7-m/nofp\libgcc.a(_arm_fixunsdfsi.o)
 .ARM.attributes
                0x00000000000003ec       0x1d c:/st/stm32cubeide_1.9.0/stm32cubeide/plugins/com.st.stm32cube.ide.mcu.externaltools.gnu-tools-for-stm32.10.3-2021.10.win32_1.0.0.202111181127/tools/bin/../lib/gcc/arm-none-eabi/10.3.1/thumb/v7-m/nofp/crtn.o
OUTPUT(F103C8T6_SD_CARD_SPI_HAL.elf elf32-littlearm)
LOAD linker stubs
LOAD c:/st/stm32cubeide_1.9.0/stm32cubeide/plugins/com.st.stm32cube.ide.mcu.externaltools.gnu-tools-for-stm32.10.3-2021.10.win32_1.0.0.202111181127/tools/bin/../lib/gcc/arm-none-eabi/10.3.1/../../../../arm-none-eabi/lib/thumb/v7-m/nofp\libc.a
LOAD c:/st/stm32cubeide_1.9.0/stm32cubeide/plugins/com.st.stm32cube.ide.mcu.externaltools.gnu-tools-for-stm32.10.3-2021.10.win32_1.0.0.202111181127/tools/bin/../lib/gcc/arm-none-eabi/10.3.1/../../../../arm-none-eabi/lib/thumb/v7-m/nofp\libm.a
LOAD c:/st/stm32cubeide_1.9.0/stm32cubeide/plugins/com.st.stm32cube.ide.mcu.externaltools.gnu-tools-for-stm32.10.3-2021.10.win32_1.0.0.202111181127/tools/bin/../lib/gcc/arm-none-eabi/10.3.1/thumb/v7-m/nofp\libgcc.a

.debug_info     0x0000000000000000     0x989e
 .debug_info    0x0000000000000000      0xc3b ./Core/Src/fatfs_sd.o
 .debug_info    0x0000000000000c3b      0xf7f ./Core/Src/main.o
 .debug_info    0x0000000000001bba      0x885 ./Core/Src/stm32f1xx_hal_msp.o
 .debug_info    0x000000000000243f      0x187 ./Core/Src/stm32f1xx_it.o
 .debug_info    0x00000000000025c6      0x23d ./Core/Src/system_stm32f1xx.o
 .debug_info    0x0000000000002803       0x22 ./Core/Startup/startup_stm32f103c8tx.o
 .debug_info    0x0000000000002825      0x734 ./Drivers/STM32F1xx_HAL_Driver/Src/stm32f1xx_hal.o
 .debug_info    0x0000000000002f59      0xb20 ./Drivers/STM32F1xx_HAL_Driver/Src/stm32f1xx_hal_cortex.o
 .debug_info    0x0000000000003a79      0x615 ./Drivers/STM32F1xx_HAL_Driver/Src/stm32f1xx_hal_gpio.o
 .debug_info    0x000000000000408e      0x860 ./Drivers/STM32F1xx_HAL_Driver/Src/stm32f1xx_hal_rcc.o
 .debug_info    0x00000000000048ee     0x1658 ./Drivers/STM32F1xx_HAL_Driver/Src/stm32f1xx_hal_spi.o
 .debug_info    0x0000000000005f46      0x52d ./FATFS/App/fatfs.o
 .debug_info    0x0000000000006473      0x3dc ./FATFS/Target/user_diskio.o
 .debug_info    0x000000000000684f      0x40d ./Middlewares/Third_Party/FatFs/src/diskio.o
 .debug_info    0x0000000000006c5c     0x2721 ./Middlewares/Third_Party/FatFs/src/ff.o
 .debug_info    0x000000000000937d      0x3a4 ./Middlewares/Third_Party/FatFs/src/ff_gen_drv.o
 .debug_info    0x0000000000009721      0x17d ./Middlewares/Third_Party/FatFs/src/option/ccsbcs.o

.debug_abbrev   0x0000000000000000     0x1ecf
 .debug_abbrev  0x0000000000000000      0x2b1 ./Core/Src/fatfs_sd.o
 .debug_abbrev  0x00000000000002b1      0x34a ./Core/Src/main.o
 .debug_abbrev  0x00000000000005fb      0x194 ./Core/Src/stm32f1xx_hal_msp.o
 .debug_abbrev  0x000000000000078f       0x9d ./Core/Src/stm32f1xx_it.o
 .debug_abbrev  0x000000000000082c      0x13b ./Core/Src/system_stm32f1xx.o
 .debug_abbrev  0x0000000000000967       0x12 ./Core/Startup/startup_stm32f103c8tx.o
 .debug_abbrev  0x0000000000000979      0x1fb ./Drivers/STM32F1xx_HAL_Driver/Src/stm32f1xx_hal.o
 .debug_abbrev  0x0000000000000b74      0x2ed ./Drivers/STM32F1xx_HAL_Driver/Src/stm32f1xx_hal_cortex.o
 .debug_abbrev  0x0000000000000e61      0x1bb ./Drivers/STM32F1xx_HAL_Driver/Src/stm32f1xx_hal_gpio.o
 .debug_abbrev  0x000000000000101c      0x2a8 ./Drivers/STM32F1xx_HAL_Driver/Src/stm32f1xx_hal_rcc.o
 .debug_abbrev  0x00000000000012c4      0x26e ./Drivers/STM32F1xx_HAL_Driver/Src/stm32f1xx_hal_spi.o
 .debug_abbrev  0x0000000000001532      0x19a ./FATFS/App/fatfs.o
 .debug_abbrev  0x00000000000016cc      0x155 ./FATFS/Target/user_diskio.o
 .debug_abbrev  0x0000000000001821      0x178 ./Middlewares/Third_Party/FatFs/src/diskio.o
 .debug_abbrev  0x0000000000001999      0x2cd ./Middlewares/Third_Party/FatFs/src/ff.o
 .debug_abbrev  0x0000000000001c66      0x196 ./Middlewares/Third_Party/FatFs/src/ff_gen_drv.o
 .debug_abbrev  0x0000000000001dfc       0xd3 ./Middlewares/Third_Party/FatFs/src/option/ccsbcs.o

.debug_aranges  0x0000000000000000      0x990
 .debug_aranges
                0x0000000000000000       0xa0 ./Core/Src/fatfs_sd.o
 .debug_aranges
                0x00000000000000a0       0x48 ./Core/Src/main.o
 .debug_aranges
                0x00000000000000e8       0x30 ./Core/Src/stm32f1xx_hal_msp.o
 .debug_aranges
                0x0000000000000118       0x68 ./Core/Src/stm32f1xx_it.o
 .debug_aranges
                0x0000000000000180       0x28 ./Core/Src/system_stm32f1xx.o
 .debug_aranges
                0x00000000000001a8       0x28 ./Core/Startup/startup_stm32f103c8tx.o
 .debug_aranges
                0x00000000000001d0       0xe0 ./Drivers/STM32F1xx_HAL_Driver/Src/stm32f1xx_hal.o
 .debug_aranges
                0x00000000000002b0      0x100 ./Drivers/STM32F1xx_HAL_Driver/Src/stm32f1xx_hal_cortex.o
 .debug_aranges
                0x00000000000003b0       0x58 ./Drivers/STM32F1xx_HAL_Driver/Src/stm32f1xx_hal_gpio.o
 .debug_aranges
                0x0000000000000408       0x90 ./Drivers/STM32F1xx_HAL_Driver/Src/stm32f1xx_hal_rcc.o
 .debug_aranges
                0x0000000000000498      0x1d0 ./Drivers/STM32F1xx_HAL_Driver/Src/stm32f1xx_hal_spi.o
 .debug_aranges
                0x0000000000000668       0x28 ./FATFS/App/fatfs.o
 .debug_aranges
                0x0000000000000690       0x40 ./FATFS/Target/user_diskio.o
 .debug_aranges
                0x00000000000006d0       0x48 ./Middlewares/Third_Party/FatFs/src/diskio.o
 .debug_aranges
                0x0000000000000718      0x210 ./Middlewares/Third_Party/FatFs/src/ff.o
 .debug_aranges
                0x0000000000000928       0x40 ./Middlewares/Third_Party/FatFs/src/ff_gen_drv.o
 .debug_aranges
                0x0000000000000968       0x28 ./Middlewares/Third_Party/FatFs/src/option/ccsbcs.o

.debug_ranges   0x0000000000000000      0x888
 .debug_ranges  0x0000000000000000       0x90 ./Core/Src/fatfs_sd.o
 .debug_ranges  0x0000000000000090       0x38 ./Core/Src/main.o
 .debug_ranges  0x00000000000000c8       0x20 ./Core/Src/stm32f1xx_hal_msp.o
 .debug_ranges  0x00000000000000e8       0x58 ./Core/Src/stm32f1xx_it.o
 .debug_ranges  0x0000000000000140       0x18 ./Core/Src/system_stm32f1xx.o
 .debug_ranges  0x0000000000000158       0x20 ./Core/Startup/startup_stm32f103c8tx.o
 .debug_ranges  0x0000000000000178       0xd0 ./Drivers/STM32F1xx_HAL_Driver/Src/stm32f1xx_hal.o
 .debug_ranges  0x0000000000000248       0xf0 ./Drivers/STM32F1xx_HAL_Driver/Src/stm32f1xx_hal_cortex.o
 .debug_ranges  0x0000000000000338       0x48 ./Drivers/STM32F1xx_HAL_Driver/Src/stm32f1xx_hal_gpio.o
 .debug_ranges  0x0000000000000380       0x80 ./Drivers/STM32F1xx_HAL_Driver/Src/stm32f1xx_hal_rcc.o
 .debug_ranges  0x0000000000000400      0x1c0 ./Drivers/STM32F1xx_HAL_Driver/Src/stm32f1xx_hal_spi.o
 .debug_ranges  0x00000000000005c0       0x18 ./FATFS/App/fatfs.o
 .debug_ranges  0x00000000000005d8       0x30 ./FATFS/Target/user_diskio.o
 .debug_ranges  0x0000000000000608       0x38 ./Middlewares/Third_Party/FatFs/src/diskio.o
 .debug_ranges  0x0000000000000640      0x200 ./Middlewares/Third_Party/FatFs/src/ff.o
 .debug_ranges  0x0000000000000840       0x30 ./Middlewares/Third_Party/FatFs/src/ff_gen_drv.o
 .debug_ranges  0x0000000000000870       0x18 ./Middlewares/Third_Party/FatFs/src/option/ccsbcs.o

.debug_macro    0x0000000000000000    0x17e48
 .debug_macro   0x0000000000000000      0x1cd ./Core/Src/fatfs_sd.o
 .debug_macro   0x00000000000001cd      0xa6c ./Core/Src/fatfs_sd.o
 .debug_macro   0x0000000000000c39      0x215 ./Core/Src/fatfs_sd.o
 .debug_macro   0x0000000000000e4e       0x2e ./Core/Src/fatfs_sd.o
 .debug_macro   0x0000000000000e7c       0x22 ./Core/Src/fatfs_sd.o
 .debug_macro   0x0000000000000e9e       0x22 ./Core/Src/fatfs_sd.o
 .debug_macro   0x0000000000000ec0       0x8e ./Core/Src/fatfs_sd.o
 .debug_macro   0x0000000000000f4e       0x51 ./Core/Src/fatfs_sd.o
 .debug_macro   0x0000000000000f9f      0x103 ./Core/Src/fatfs_sd.o
 .debug_macro   0x00000000000010a2       0x6a ./Core/Src/fatfs_sd.o
 .debug_macro   0x000000000000110c      0x1df ./Core/Src/fatfs_sd.o
 .debug_macro   0x00000000000012eb       0x1c ./Core/Src/fatfs_sd.o
 .debug_macro   0x0000000000001307       0x22 ./Core/Src/fatfs_sd.o
 .debug_macro   0x0000000000001329       0xbd ./Core/Src/fatfs_sd.o
 .debug_macro   0x00000000000013e6      0xd23 ./Core/Src/fatfs_sd.o
 .debug_macro   0x0000000000002109     0xe09e ./Core/Src/fatfs_sd.o
 .debug_macro   0x00000000000101a7       0x6d ./Core/Src/fatfs_sd.o
 .debug_macro   0x0000000000010214     0x3468 ./Core/Src/fatfs_sd.o
 .debug_macro   0x000000000001367c      0x174 ./Core/Src/fatfs_sd.o
 .debug_macro   0x00000000000137f0       0x5c ./Core/Src/fatfs_sd.o
 .debug_macro   0x000000000001384c      0x5be ./Core/Src/fatfs_sd.o
 .debug_macro   0x0000000000013e0a      0x289 ./Core/Src/fatfs_sd.o
 .debug_macro   0x0000000000014093      0x1cb ./Core/Src/fatfs_sd.o
 .debug_macro   0x000000000001425e      0x114 ./Core/Src/fatfs_sd.o
 .debug_macro   0x0000000000014372      0x1b2 ./Core/Src/fatfs_sd.o
 .debug_macro   0x0000000000014524       0x27 ./Core/Src/fatfs_sd.o
 .debug_macro   0x000000000001454b      0x136 ./Core/Src/fatfs_sd.o
 .debug_macro   0x0000000000014681      0x1bc ./Core/Src/fatfs_sd.o
 .debug_macro   0x000000000001483d       0x34 ./Core/Src/fatfs_sd.o
 .debug_macro   0x0000000000014871       0x3c ./Core/Src/fatfs_sd.o
 .debug_macro   0x00000000000148ad       0x57 ./Core/Src/fatfs_sd.o
 .debug_macro   0x0000000000014904       0x88 ./Core/Src/fatfs_sd.o
 .debug_macro   0x000000000001498c      0x241 ./Core/Src/fatfs_sd.o
 .debug_macro   0x0000000000014bcd      0x141 ./Core/Src/fatfs_sd.o
 .debug_macro   0x0000000000014d0e      0x217 ./Core/Src/fatfs_sd.o
 .debug_macro   0x0000000000014f25       0x83 ./Core/Src/fatfs_sd.o
 .debug_macro   0x0000000000014fa8       0x16 ./Core/Src/fatfs_sd.o
 .debug_macro   0x0000000000014fbe       0x7c ./Core/Src/fatfs_sd.o
 .debug_macro   0x000000000001503a       0x6a ./Core/Src/fatfs_sd.o
 .debug_macro   0x00000000000150a4      0x383 ./Core/Src/main.o
 .debug_macro   0x0000000000015427       0xde ./Core/Src/main.o
 .debug_macro   0x0000000000015505       0xf5 ./Core/Src/main.o
 .debug_macro   0x00000000000155fa       0x8e ./Core/Src/main.o
 .debug_macro   0x0000000000015688       0x52 ./Core/Src/main.o
 .debug_macro   0x00000000000156da       0x18 ./Core/Src/main.o
 .debug_macro   0x00000000000156f2       0x3c ./Core/Src/main.o
 .debug_macro   0x000000000001572e       0x34 ./Core/Src/main.o
 .debug_macro   0x0000000000015762       0x16 ./Core/Src/main.o
 .debug_macro   0x0000000000015778       0x43 ./Core/Src/main.o
 .debug_macro   0x00000000000157bb       0x34 ./Core/Src/main.o
 .debug_macro   0x00000000000157ef       0x10 ./Core/Src/main.o
 .debug_macro   0x00000000000157ff       0x58 ./Core/Src/main.o
 .debug_macro   0x0000000000015857       0x71 ./Core/Src/main.o
 .debug_macro   0x00000000000158c8       0x1c ./Core/Src/main.o
 .debug_macro   0x00000000000158e4      0x12a ./Core/Src/main.o
 .debug_macro   0x0000000000015a0e      0x341 ./Core/Src/main.o
 .debug_macro   0x0000000000015d4f       0x10 ./Core/Src/main.o
 .debug_macro   0x0000000000015d5f       0x35 ./Core/Src/main.o
 .debug_macro   0x0000000000015d94       0x20 ./Core/Src/main.o
 .debug_macro   0x0000000000015db4       0x1c ./Core/Src/main.o
 .debug_macro   0x0000000000015dd0       0x10 ./Core/Src/main.o
 .debug_macro   0x0000000000015de0       0x10 ./Core/Src/main.o
 .debug_macro   0x0000000000015df0       0x1c ./Core/Src/main.o
 .debug_macro   0x0000000000015e0c       0x52 ./Core/Src/main.o
 .debug_macro   0x0000000000015e5e       0x22 ./Core/Src/main.o
 .debug_macro   0x0000000000015e80       0x10 ./Core/Src/main.o
 .debug_macro   0x0000000000015e90       0x52 ./Core/Src/main.o
 .debug_macro   0x0000000000015ee2       0xd5 ./Core/Src/main.o
 .debug_macro   0x0000000000015fb7       0x1c ./Core/Src/main.o
 .debug_macro   0x0000000000015fd3       0x3d ./Core/Src/main.o
 .debug_macro   0x0000000000016010       0x16 ./Core/Src/main.o
 .debug_macro   0x0000000000016026      0x145 ./Core/Src/main.o
 .debug_macro   0x000000000001616b      0x198 ./Core/Src/stm32f1xx_hal_msp.o
 .debug_macro   0x0000000000016303      0x1a2 ./Core/Src/stm32f1xx_it.o
 .debug_macro   0x00000000000164a5      0x18e ./Core/Src/system_stm32f1xx.o
 .debug_macro   0x0000000000016633      0x1b2 ./Drivers/STM32F1xx_HAL_Driver/Src/stm32f1xx_hal.o
 .debug_macro   0x00000000000167e5      0x18e ./Drivers/STM32F1xx_HAL_Driver/Src/stm32f1xx_hal_cortex.o
 .debug_macro   0x0000000000016973      0x1f9 ./Drivers/STM32F1xx_HAL_Driver/Src/stm32f1xx_hal_gpio.o
 .debug_macro   0x0000000000016b6c      0x1a0 ./Drivers/STM32F1xx_HAL_Driver/Src/stm32f1xx_hal_rcc.o
 .debug_macro   0x0000000000016d0c      0x196 ./Drivers/STM32F1xx_HAL_Driver/Src/stm32f1xx_hal_spi.o
 .debug_macro   0x0000000000016ea2      0x1eb ./FATFS/App/fatfs.o
 .debug_macro   0x000000000001708d       0xd8 ./FATFS/App/fatfs.o
 .debug_macro   0x0000000000017165      0x2a0 ./FATFS/Target/user_diskio.o
 .debug_macro   0x0000000000017405       0x56 ./FATFS/Target/user_diskio.o
 .debug_macro   0x000000000001745b      0x1d8 ./Middlewares/Third_Party/FatFs/src/diskio.o
 .debug_macro   0x0000000000017633      0x41f ./Middlewares/Third_Party/FatFs/src/ff.o
 .debug_macro   0x0000000000017a52       0x58 ./Middlewares/Third_Party/FatFs/src/ff.o
 .debug_macro   0x0000000000017aaa      0x1d8 ./Middlewares/Third_Party/FatFs/src/ff_gen_drv.o
 .debug_macro   0x0000000000017c82      0x1c6 ./Middlewares/Third_Party/FatFs/src/option/ccsbcs.o

.debug_line     0x0000000000000000     0xcde8
 .debug_line    0x0000000000000000      0xcf5 ./Core/Src/fatfs_sd.o
 .debug_line    0x0000000000000cf5      0xa4b ./Core/Src/main.o
 .debug_line    0x0000000000001740      0x68f ./Core/Src/stm32f1xx_hal_msp.o
 .debug_line    0x0000000000001dcf      0x733 ./Core/Src/stm32f1xx_it.o
 .debug_line    0x0000000000002502      0x6ba ./Core/Src/system_stm32f1xx.o
 .debug_line    0x0000000000002bbc       0x87 ./Core/Startup/startup_stm32f103c8tx.o
 .debug_line    0x0000000000002c43      0x8e7 ./Drivers/STM32F1xx_HAL_Driver/Src/stm32f1xx_hal.o
 .debug_line    0x000000000000352a      0xacf ./Drivers/STM32F1xx_HAL_Driver/Src/stm32f1xx_hal_cortex.o
 .debug_line    0x0000000000003ff9      0x97e ./Drivers/STM32F1xx_HAL_Driver/Src/stm32f1xx_hal_gpio.o
 .debug_line    0x0000000000004977      0xcf5 ./Drivers/STM32F1xx_HAL_Driver/Src/stm32f1xx_hal_rcc.o
 .debug_line    0x000000000000566c     0x1b6c ./Drivers/STM32F1xx_HAL_Driver/Src/stm32f1xx_hal_spi.o
 .debug_line    0x00000000000071d8      0x6d7 ./FATFS/App/fatfs.o
 .debug_line    0x00000000000078af      0x857 ./FATFS/Target/user_diskio.o
 .debug_line    0x0000000000008106      0x748 ./Middlewares/Third_Party/FatFs/src/diskio.o
 .debug_line    0x000000000000884e     0x36ec ./Middlewares/Third_Party/FatFs/src/ff.o
 .debug_line    0x000000000000bf3a      0x765 ./Middlewares/Third_Party/FatFs/src/ff_gen_drv.o
 .debug_line    0x000000000000c69f      0x749 ./Middlewares/Third_Party/FatFs/src/option/ccsbcs.o

.debug_str      0x0000000000000000    0x82f53
 .debug_str     0x0000000000000000    0x7c386 ./Core/Src/fatfs_sd.o
                                      0x7c740 (size before relaxing)
 .debug_str     0x000000000007c386     0x4851 ./Core/Src/main.o
                                      0x80da2 (size before relaxing)
 .debug_str     0x0000000000080bd7       0x91 ./Core/Src/stm32f1xx_hal_msp.o
                                      0x7c33c (size before relaxing)
 .debug_str     0x0000000000080c68       0xe2 ./Core/Src/stm32f1xx_it.o
                                      0x7bf2f (size before relaxing)
 .debug_str     0x0000000000080d4a       0x7e ./Core/Src/system_stm32f1xx.o
                                      0x7bf0c (size before relaxing)
 .debug_str     0x0000000000080dc8       0x36 ./Core/Startup/startup_stm32f103c8tx.o
                                         0x81 (size before relaxing)
 .debug_str     0x0000000000080dfe      0x5fd ./Drivers/STM32F1xx_HAL_Driver/Src/stm32f1xx_hal.o
                                      0x7c63f (size before relaxing)
 .debug_str     0x00000000000813fb      0x2bb ./Drivers/STM32F1xx_HAL_Driver/Src/stm32f1xx_hal_cortex.o
                                      0x7c58b (size before relaxing)
 .debug_str     0x00000000000816b6      0x2e6 ./Drivers/STM32F1xx_HAL_Driver/Src/stm32f1xx_hal_gpio.o
                                      0x7c292 (size before relaxing)
 .debug_str     0x000000000008199c      0x229 ./Drivers/STM32F1xx_HAL_Driver/Src/stm32f1xx_hal_rcc.o
                                      0x7c33b (size before relaxing)
 .debug_str     0x0000000000081bc5      0x532 ./Drivers/STM32F1xx_HAL_Driver/Src/stm32f1xx_hal_spi.o
                                      0x7c838 (size before relaxing)
 .debug_str     0x00000000000820f7       0x74 ./FATFS/App/fatfs.o
                                      0x7c79f (size before relaxing)
 .debug_str     0x000000000008216b       0x5a ./FATFS/Target/user_diskio.o
                                      0x7f51f (size before relaxing)
 .debug_str     0x00000000000821c5       0x52 ./Middlewares/Third_Party/FatFs/src/diskio.o
                                      0x7c6c5 (size before relaxing)
 .debug_str     0x0000000000082217      0xc58 ./Middlewares/Third_Party/FatFs/src/ff.o
                                      0x7d583 (size before relaxing)
 .debug_str     0x0000000000082e6f       0x91 ./Middlewares/Third_Party/FatFs/src/ff_gen_drv.o
                                      0x7c716 (size before relaxing)
 .debug_str     0x0000000000082f00       0x53 ./Middlewares/Third_Party/FatFs/src/option/ccsbcs.o
                                      0x7c4a4 (size before relaxing)

.comment        0x0000000000000000       0x50
 .comment       0x0000000000000000       0x50 ./Core/Src/fatfs_sd.o
                                         0x51 (size before relaxing)
 .comment       0x0000000000000050       0x51 ./Core/Src/main.o
 .comment       0x0000000000000050       0x51 ./Core/Src/stm32f1xx_hal_msp.o
 .comment       0x0000000000000050       0x51 ./Core/Src/stm32f1xx_it.o
 .comment       0x0000000000000050       0x51 ./Core/Src/system_stm32f1xx.o
 .comment       0x0000000000000050       0x51 ./Drivers/STM32F1xx_HAL_Driver/Src/stm32f1xx_hal.o
 .comment       0x0000000000000050       0x51 ./Drivers/STM32F1xx_HAL_Driver/Src/stm32f1xx_hal_cortex.o
 .comment       0x0000000000000050       0x51 ./Drivers/STM32F1xx_HAL_Driver/Src/stm32f1xx_hal_gpio.o
 .comment       0x0000000000000050       0x51 ./Drivers/STM32F1xx_HAL_Driver/Src/stm32f1xx_hal_rcc.o
 .comment       0x0000000000000050       0x51 ./Drivers/STM32F1xx_HAL_Driver/Src/stm32f1xx_hal_spi.o
 .comment       0x0000000000000050       0x51 ./FATFS/App/fatfs.o
 .comment       0x0000000000000050       0x51 ./FATFS/Target/user_diskio.o
 .comment       0x0000000000000050       0x51 ./Middlewares/Third_Party/FatFs/src/diskio.o
 .comment       0x0000000000000050       0x51 ./Middlewares/Third_Party/FatFs/src/ff.o
 .comment       0x0000000000000050       0x51 ./Middlewares/Third_Party/FatFs/src/ff_gen_drv.o
 .comment       0x0000000000000050       0x51 ./Middlewares/Third_Party/FatFs/src/option/ccsbcs.o

.debug_frame    0x0000000000000000     0x2638
 .debug_frame   0x0000000000000000      0x268 ./Core/Src/fatfs_sd.o
 .debug_frame   0x0000000000000268       0xd0 ./Core/Src/main.o
 .debug_frame   0x0000000000000338       0x80 ./Core/Src/stm32f1xx_hal_msp.o
 .debug_frame   0x00000000000003b8      0x124 ./Core/Src/stm32f1xx_it.o
 .debug_frame   0x00000000000004dc       0x58 ./Core/Src/system_stm32f1xx.o
 .debug_frame   0x0000000000000534      0x334 ./Drivers/STM32F1xx_HAL_Driver/Src/stm32f1xx_hal.o
 .debug_frame   0x0000000000000868      0x428 ./Drivers/STM32F1xx_HAL_Driver/Src/stm32f1xx_hal_cortex.o
 .debug_frame   0x0000000000000c90      0x14c ./Drivers/STM32F1xx_HAL_Driver/Src/stm32f1xx_hal_gpio.o
 .debug_frame   0x0000000000000ddc      0x21c ./Drivers/STM32F1xx_HAL_Driver/Src/stm32f1xx_hal_rcc.o
 .debug_frame   0x0000000000000ff8      0x824 ./Drivers/STM32F1xx_HAL_Driver/Src/stm32f1xx_hal_spi.o
 .debug_frame   0x000000000000181c       0x4c ./FATFS/App/fatfs.o
 .debug_frame   0x0000000000001868       0xc4 ./FATFS/Target/user_diskio.o
 .debug_frame   0x000000000000192c       0xec ./Middlewares/Third_Party/FatFs/src/diskio.o
 .debug_frame   0x0000000000001a18      0x9ac ./Middlewares/Third_Party/FatFs/src/ff.o
 .debug_frame   0x00000000000023c4       0xc8 ./Middlewares/Third_Party/FatFs/src/ff_gen_drv.o
 .debug_frame   0x000000000000248c       0x60 ./Middlewares/Third_Party/FatFs/src/option/ccsbcs.o
 .debug_frame   0x00000000000024ec       0x2c c:/st/stm32cubeide_1.9.0/stm32cubeide/plugins/com.st.stm32cube.ide.mcu.externaltools.gnu-tools-for-stm32.10.3-2021.10.win32_1.0.0.202111181127/tools/bin/../lib/gcc/arm-none-eabi/10.3.1/../../../../arm-none-eabi/lib/thumb/v7-m/nofp\libc_nano.a(lib_a-init.o)
 .debug_frame   0x0000000000002518       0x20 c:/st/stm32cubeide_1.9.0/stm32cubeide/plugins/com.st.stm32cube.ide.mcu.externaltools.gnu-tools-for-stm32.10.3-2021.10.win32_1.0.0.202111181127/tools/bin/../lib/gcc/arm-none-eabi/10.3.1/../../../../arm-none-eabi/lib/thumb/v7-m/nofp\libc_nano.a(lib_a-memset.o)
 .debug_frame   0x0000000000002538       0x30 c:/st/stm32cubeide_1.9.0/stm32cubeide/plugins/com.st.stm32cube.ide.mcu.externaltools.gnu-tools-for-stm32.10.3-2021.10.win32_1.0.0.202111181127/tools/bin/../lib/gcc/arm-none-eabi/10.3.1/thumb/v7-m/nofp\libgcc.a(_arm_muldf3.o)
 .debug_frame   0x0000000000002568       0xac c:/st/stm32cubeide_1.9.0/stm32cubeide/plugins/com.st.stm32cube.ide.mcu.externaltools.gnu-tools-for-stm32.10.3-2021.10.win32_1.0.0.202111181127/tools/bin/../lib/gcc/arm-none-eabi/10.3.1/thumb/v7-m/nofp\libgcc.a(_arm_addsubdf3.o)
 .debug_frame   0x0000000000002614       0x24 c:/st/stm32cubeide_1.9.0/stm32cubeide/plugins/com.st.stm32cube.ide.mcu.externaltools.gnu-tools-for-stm32.10.3-2021.10.win32_1.0.0.202111181127/tools/bin/../lib/gcc/arm-none-eabi/10.3.1/thumb/v7-m/nofp\libgcc.a(_arm_fixunsdfsi.o)
